// Jest Snapshot v1, https://goo.gl/fbAQLP

exports[`HelloWorldApp test should be equal to snapshot 1`] = `
<div>
  <h1
    data-testid="test-title"
  >
     
    Title
     
  </h1>
  <h2
    data-testid="test-subTitle"
  >
    3
  </h2>
  <h2
    data-testid="test-subTitle2"
  >
    3
  </h2>
  <code>
    {"message":"Hello World","title":"Fernando"}
  </code>
  <p>
    Hello Emmanuel
  </p>
</div>
`;
